
> average_time_cv <- benchmark(replications = 0,cross_validation_set <- cross_validation(x,y,square_cov,c(5.386058, 1.525368	,0.3269338)))
 [1]  1  2  3  4  5  6  7  8  9 10 11 12 13 14 15 16 17 18 19 20 21 22 23 24 25
Minimum square error : 0.2098824 
 [1] 26 27 28 29 30 31 32 33 34 35 36 37 38 39 40 41 42 43 44 45 46 47 48 49 50
Minimum square error : 0.158763 
 [1] 51 52 53 54 55 56 57 58 59 60 61 62 63 64 65 66 67 68 69 70 71 72 73 74 75
Minimum square error : 0.128827 
 [1]  76  77  78  79  80  81  82  83  84  85  86  87  88  89  90  91  92  93  94  95
[21]  96  97  98  99 100
Minimum square error : 0.3020111 
 [1] 101 102 103 104 105 106 107 108 109 110 111 112 113 114 115 116 117 118 119 120
[21] 121 122 123 124 125
Minimum square error : 0.1313659 
 [1] 126 127 128 129 130 131 132 133 134 135 136 137 138 139 140 141 142 143 144 145
[21] 146 147 148 149 150
Minimum square error : 0.1830853 
 [1] 151 152 153 154 155 156 157 158 159 160 161 162 163 164 165 166 167 168 169 170
[21] 171 172 173 174 175
Minimum square error : 0.1171534 
 [1] 176 177 178 179 180 181 182 183 184 185 186 187 188 189 190 191 192 193 194 195
[21] 196 197 198 199 200
Minimum square error : 0.2344409 
 [1] 201 202 203 204 205 206 207 208 209 210 211 212 213 214 215 216 217 218 219 220
[21] 221 222 223 224 225
Minimum square error : 0.2988195 
 [1] 226 227 228 229 230 231 232 233 234 235 236 237 238 239 240 241 242 243 244 245
[21] 246 247 248 249 250
Minimum square error : 0.3364086 
[1]   9.7961402 249.6623676   0.9992021

> average_time_cv_tr2 <- benchmark(replications = 0,cross_validation_set_tr2 <- cross_validation(x2,y2,square_cov,c(5.386058, 1.525368,	0.3269338)))
 [1]  1  2  3  4  5  6  7  8  9 10 11 12 13 14 15 16 17 18 19 20 21 22 23 24 25
Minimum square error : 0.3510438 
 [1] 26 27 28 29 30 31 32 33 34 35 36 37 38 39 40 41 42 43 44 45 46 47 48 49 50
Minimum square error : 0.3652176 
 [1] 51 52 53 54 55 56 57 58 59 60 61 62 63 64 65 66 67 68 69 70 71 72 73 74 75
Minimum square error : 0.1981026 
 [1]  76  77  78  79  80  81  82  83  84  85  86  87  88  89  90  91  92  93  94  95
[21]  96  97  98  99 100
Minimum square error : 0.1144905 
 [1] 101 102 103 104 105 106 107 108 109 110 111 112 113 114 115 116 117 118 119 120
[21] 121 122 123 124 125
Minimum square error : 0.1854973 
 [1] 126 127 128 129 130 131 132 133 134 135 136 137 138 139 140 141 142 143 144 145
[21] 146 147 148 149 150
Minimum square error : 0.1713887 
 [1] 151 152 153 154 155 156 157 158 159 160 161 162 163 164 165 166 167 168 169 170
[21] 171 172 173 174 175
Minimum square error : 0.2786899 
 [1] 176 177 178 179 180 181 182 183 184 185 186 187 188 189 190 191 192 193 194 195
[21] 196 197 198 199 200
Minimum square error : 0.08263234 
 [1] 201 202 203 204 205 206 207 208 209 210 211 212 213 214 215 216 217 218 219 220
[21] 221 222 223 224 225
Minimum square error : 0.0828634 
 [1] 226 227 228 229 230 231 232 233 234 235 236 237 238 239 240 241 242 243 244 245
[21] 246 247 248 249 250
Minimum square error : 0.1850408 
[1] 8.685710e+05 5.758014e+07 1.206972e+00

> average_time_cv_abs <- benchmark(replications = 0,cross_validation_abs <- cross_validation(x,y,absolute_cov,c(5.386058 ,  1.525368,	0.3269338)))
 [1]  1  2  3  4  5  6  7  8  9 10 11 12 13 14 15 16 17 18 19 20 21 22 23 24 25
Minimum square error : 0.2242645 
 [1] 26 27 28 29 30 31 32 33 34 35 36 37 38 39 40 41 42 43 44 45 46 47 48 49 50
Minimum square error : 0.1349761 
 [1] 51 52 53 54 55 56 57 58 59 60 61 62 63 64 65 66 67 68 69 70 71 72 73 74 75
Minimum square error : 0.1654287 
 [1]  76  77  78  79  80  81  82  83  84  85  86  87  88  89  90  91  92  93  94  95
[21]  96  97  98  99 100
Minimum square error : 0.2637199 
 [1] 101 102 103 104 105 106 107 108 109 110 111 112 113 114 115 116 117 118 119 120
[21] 121 122 123 124 125
Minimum square error : 0.153934 
 [1] 126 127 128 129 130 131 132 133 134 135 136 137 138 139 140 141 142 143 144 145
[21] 146 147 148 149 150
Minimum square error : 0.1236536 
 [1] 151 152 153 154 155 156 157 158 159 160 161 162 163 164 165 166 167 168 169 170
[21] 171 172 173 174 175
Minimum square error : 0.1042902 
 [1] 176 177 178 179 180 181 182 183 184 185 186 187 188 189 190 191 192 193 194 195
[21] 196 197 198 199 200
Minimum square error : 0.2212093 
 [1] 201 202 203 204 205 206 207 208 209 210 211 212 213 214 215 216 217 218 219 220
[21] 221 222 223 224 225
Minimum square error : 0.3748564 
 [1] 226 227 228 229 230 231 232 233 234 235 236 237 238 239 240 241 242 243 244 245
[21] 246 247 248 249 250
Minimum square error : 0.3703734 
[1] 1.707166e+07 8.653325e+07 8.658169e-01

> average_time_cv_abs_tr2 <- benchmark(replications = 0,cross_validation_abs_tr2 <- cross_validation(x2,y2,absolute_cov,c(5.386058 ,  1.525368	,0.3269 .... [TRUNCATED] 
 [1]  1  2  3  4  5  6  7  8  9 10 11 12 13 14 15 16 17 18 19 20 21 22 23 24 25
Minimum square error : 0.405617 
 [1] 26 27 28 29 30 31 32 33 34 35 36 37 38 39 40 41 42 43 44 45 46 47 48 49 50
Minimum square error : 0.3813509 
 [1] 51 52 53 54 55 56 57 58 59 60 61 62 63 64 65 66 67 68 69 70 71 72 73 74 75
Minimum square error : 0.2144853 
 [1]  76  77  78  79  80  81  82  83  84  85  86  87  88  89  90  91  92  93  94  95
[21]  96  97  98  99 100
Minimum square error : 0.2573875 
 [1] 101 102 103 104 105 106 107 108 109 110 111 112 113 114 115 116 117 118 119 120
[21] 121 122 123 124 125
Minimum square error : 0.2123116 
 [1] 126 127 128 129 130 131 132 133 134 135 136 137 138 139 140 141 142 143 144 145
[21] 146 147 148 149 150
Minimum square error : 0.1774216 
 [1] 151 152 153 154 155 156 157 158 159 160 161 162 163 164 165 166 167 168 169 170
[21] 171 172 173 174 175
Minimum square error : 0.2600358 
 [1] 176 177 178 179 180 181 182 183 184 185 186 187 188 189 190 191 192 193 194 195
[21] 196 197 198 199 200
Minimum square error : 0.09904351 
 [1] 201 202 203 204 205 206 207 208 209 210 211 212 213 214 215 216 217 218 219 220
[21] 221 222 223 224 225
Minimum square error : 0.119573 
 [1] 226 227 228 229 230 231 232 233 234 235 236 237 238 239 240 241 242 243 244 245
[21] 246 247 248 249 250
Minimum square error : 0.20867 
[1] 1.521791e+07 8.810405e+07 6.934313e-01

> average_time_cv_combined <- benchmark(replications = 0,cross_validation_combined <- cross_validation(x,y,combined_cov,c(5.386058 ,  1.525368,	0.3269 .... [TRUNCATED] 
 [1]  1  2  3  4  5  6  7  8  9 10 11 12 13 14 15 16 17 18 19 20 21 22 23 24 25
Minimum square error : 0.2098824 
 [1] 26 27 28 29 30 31 32 33 34 35 36 37 38 39 40 41 42 43 44 45 46 47 48 49 50
Minimum square error : 0.1330843 
 [1] 51 52 53 54 55 56 57 58 59 60 61 62 63 64 65 66 67 68 69 70 71 72 73 74 75
Minimum square error : 0.128827 
 [1]  76  77  78  79  80  81  82  83  84  85  86  87  88  89  90  91  92  93  94  95
[21]  96  97  98  99 100
Minimum square error : 0.2637151 
 [1] 101 102 103 104 105 106 107 108 109 110 111 112 113 114 115 116 117 118 119 120
[21] 121 122 123 124 125
Minimum square error : 0.1304588 
 [1] 126 127 128 129 130 131 132 133 134 135 136 137 138 139 140 141 142 143 144 145
[21] 146 147 148 149 150
Minimum square error : 0.1236527 
 [1] 151 152 153 154 155 156 157 158 159 160 161 162 163 164 165 166 167 168 169 170
[21] 171 172 173 174 175
Minimum square error : 0.1022094 
 [1] 176 177 178 179 180 181 182 183 184 185 186 187 188 189 190 191 192 193 194 195
[21] 196 197 198 199 200
Minimum square error : 0.2197518 
 [1] 201 202 203 204 205 206 207 208 209 210 211 212 213 214 215 216 217 218 219 220
[21] 221 222 223 224 225
Minimum square error : 0.3748567 
 [1] 226 227 228 229 230 231 232 233 234 235 236 237 238 239 240 241 242 243 244 245
[21] 246 247 248 249 250
Minimum square error : 0.336393 
[1] 3.865751e+06 1.947925e+07 9.006227e-01 3.977880e+07

> average_time_cv_combined_tr2 <- benchmark(replications = 0,cross_validation_combined_tr2 <- cross_validation(x2,y2,combined_cov,c(5.386058,1.525368, .... [TRUNCATED] 
 [1]  1  2  3  4  5  6  7  8  9 10 11 12 13 14 15 16 17 18 19 20 21 22 23 24 25
Minimum square error : 0.3510357 
 [1] 26 27 28 29 30 31 32 33 34 35 36 37 38 39 40 41 42 43 44 45 46 47 48 49 50
Minimum square error : 0.365305 
 [1] 51 52 53 54 55 56 57 58 59 60 61 62 63 64 65 66 67 68 69 70 71 72 73 74 75
Minimum square error : 0.1977818 
 [1]  76  77  78  79  80  81  82  83  84  85  86  87  88  89  90  91  92  93  94  95
[21]  96  97  98  99 100
Minimum square error : 0.1144932 
 [1] 101 102 103 104 105 106 107 108 109 110 111 112 113 114 115 116 117 118 119 120
[21] 121 122 123 124 125
Minimum square error : 0.1855032 
 [1] 126 127 128 129 130 131 132 133 134 135 136 137 138 139 140 141 142 143 144 145
[21] 146 147 148 149 150
Minimum square error : 0.1747635 
 [1] 151 152 153 154 155 156 157 158 159 160 161 162 163 164 165 166 167 168 169 170
[21] 171 172 173 174 175
Minimum square error : 0.2600409 
 [1] 176 177 178 179 180 181 182 183 184 185 186 187 188 189 190 191 192 193 194 195
[21] 196 197 198 199 200
Minimum square error : 0.09349147 
 [1] 201 202 203 204 205 206 207 208 209 210 211 212 213 214 215 216 217 218 219 220
[21] 221 222 223 224 225
Minimum square error : 0.08286627 
 [1] 226 227 228 229 230 231 232 233 234 235 236 237 238 239 240 241 242 243 244 245
[21] 246 247 248 249 250
Minimum square error : 0.2086694 
[1] 9.868771e+05 4.777003e+04 9.010732e-01 6.030438e+07

> cat("CROSS VALIDATION ERRORS \n")
CROSS VALIDATION ERRORS 

> print(average_time_cv$elapsed/average_time_cv$replications)
[1] NaN

> print (average_time_cv_tr2$elapsed/average_time_cv_tr2$replications)
[1] NaN

> print (average_time_cv_abs$elapsed/average_time_cv_abs$replications)
[1] NaN

> print (average_time_cv_abs_tr2$elapsed/average_time_cv_abs_tr2$replications)
[1] NaN

> print (average_time_cv_combined$elapsed/average_time_cv_combined$replications)
[1] NaN

> print (average_time_cv_combined_tr2$elapsed/average_time_cv_combined_tr2$replications)
[1] NaN

> sink()
